kotlin version: 2.4.10
error message: java.lang.RuntimeException: Exception while generating code for:
FUN name:currentConnectionState visibility:public modality:OPEN returnType:at.bernhardberger.tvheadend.htsp.connection.HtspConnectionState
  VALUE_PARAMETER kind:DispatchReceiver name:<this> index:0 type:at.bernhardberger.tvheadend.htsp.connection.HtspService-internal
  BLOCK_BODY
    RETURN type=kotlin.Nothing from='public open fun currentConnectionState (): at.bernhardberger.tvheadend.htsp.connection.HtspConnectionState declared in at.bernhardberger.tvheadend.htsp.connection.HtspService-internal'
      CALL 'public final fun withAttemptLock <T> (block: kotlin.Function0<T of at.bernhardberger.tvheadend.htsp.connection.HtspAttemptMonitor.withAttemptLock>): T of at.bernhardberger.tvheadend.htsp.connection.HtspAttemptMonitor.withAttemptLock [inline] declared in at.bernhardberger.tvheadend.htsp.connection.HtspAttemptMonitor' type=at.bernhardberger.tvheadend.htsp.connection.HtspConnectionState origin=null
        TYPE_ARG T: at.bernhardberger.tvheadend.htsp.connection.HtspConnectionState
        ARG <this>: TYPE_OP type=at.bernhardberger.tvheadend.htsp.connection.HtspAttemptMonitor origin=IMPLICIT_CAST typeOperand=at.bernhardberger.tvheadend.htsp.connection.HtspAttemptMonitor
          GET_FIELD 'FIELD PROPERTY_BACKING_FIELD name:attemptMonitor type:at.bernhardberger.tvheadend.htsp.connection.HtspAttemptMonitor visibility:private [final]' type=at.bernhardberger.tvheadend.htsp.connection.HtspAttemptMonitor origin=null
            receiver: GET_VAR '<this>: at.bernhardberger.tvheadend.htsp.connection.HtspService-internal declared in at.bernhardberger.tvheadend.htsp.connection.HtspService-internal.currentConnectionState' type=at.bernhardberger.tvheadend.htsp.connection.HtspService-internal origin=IMPLICIT_ARGUMENT
        ARG block: RICH_FUNCTION_REFERENCE type=kotlin.Function0<at.bernhardberger.tvheadend.htsp.connection.HtspConnectionState> origin=INLINE_LAMBDA reflectionTarget='null'
          overriddenFunctionSymbol: public abstract fun invoke (): R of kotlin.Function0 [operator] declared in kotlin.Function0
          bound this$0: GET_VAR '<this>: at.bernhardberger.tvheadend.htsp.connection.HtspService-internal declared in at.bernhardberger.tvheadend.htsp.connection.HtspService-internal.currentConnectionState' type=at.bernhardberger.tvheadend.htsp.connection.HtspService-internal origin=null
          invoke: FUN INLINE_LAMBDA name:currentConnectionState$lambda$0 visibility:private modality:FINAL returnType:at.bernhardberger.tvheadend.htsp.connection.HtspConnectionState
            VALUE_PARAMETER BOUND_VALUE_PARAMETER kind:Regular name:this$0 index:0 type:at.bernhardberger.tvheadend.htsp.connection.HtspService-internal
            BLOCK_BODY
              VAR name:$i$a$-withAttemptLock-HtspService-internal$currentConnectionState$1 type:kotlin.Int [val]
                CONST Int type=kotlin.Int value=0
              RETURN type=kotlin.Nothing from='private final fun currentConnectionState$lambda$0 (this$0: at.bernhardberger.tvheadend.htsp.connection.HtspService-internal): at.bernhardberger.tvheadend.htsp.connection.HtspConnectionState declared in at.bernhardberger.tvheadend.htsp.connection.HtspService-internal.currentConnectionState'
                CALL 'public final fun <get-state> (): at.bernhardberger.tvheadend.htsp.connection.HtspConnectionState declared in at.bernhardberger.tvheadend.htsp.connection.HtspAttemptMonitor.StateSnapshot' type=at.bernhardberger.tvheadend.htsp.connection.HtspConnectionState origin=GET_PROPERTY
                  ARG <this>: CALL 'public final fun stateLocked (): at.bernhardberger.tvheadend.htsp.connection.HtspAttemptMonitor.StateSnapshot declared in at.bernhardberger.tvheadend.htsp.connection.HtspAttemptMonitor' type=at.bernhardberger.tvheadend.htsp.connection.HtspAttemptMonitor.StateSnapshot origin=null
                    ARG <this>: GET_FIELD 'FIELD PROPERTY_BACKING_FIELD name:attemptMonitor type:at.bernhardberger.tvheadend.htsp.connection.HtspAttemptMonitor visibility:private [final]' type=at.bernhardberger.tvheadend.htsp.connection.HtspAttemptMonitor origin=null
                      receiver: GET_VAR 'this$0: at.bernhardberger.tvheadend.htsp.connection.HtspService-internal declared in at.bernhardberger.tvheadend.htsp.connection.HtspService-internal.currentConnectionState.currentConnectionState$lambda$0' type=at.bernhardberger.tvheadend.htsp.connection.HtspService-internal origin=null

	at org.jetbrains.kotlin.backend.jvm.codegen.FunctionCodegen.generate(FunctionCodegen.kt:61)
	at org.jetbrains.kotlin.backend.jvm.codegen.FunctionCodegen.generate$default(FunctionCodegen.kt:54)
	at org.jetbrains.kotlin.backend.jvm.codegen.ClassCodegen.generateMethodNode(ClassCodegen.kt:422)
	at org.jetbrains.kotlin.backend.jvm.codegen.ClassCodegen.generateMethod(ClassCodegen.kt:439)
	at org.jetbrains.kotlin.backend.jvm.codegen.ClassCodegen.generate(ClassCodegen.kt:168)
	at org.jetbrains.kotlin.backend.jvm.JvmIrCodegenFactory.generateFile(JvmIrCodegenFactory.kt:465)
	at org.jetbrains.kotlin.backend.jvm.JvmIrCodegenFactory.invokeCodegen(JvmIrCodegenFactory.kt:431)
	at org.jetbrains.kotlin.cli.jvm.compiler.KotlinToJVMBytecodeCompiler.runCodegen$org_jetbrains_kotlin_cli_jvm(KotlinToJVMBytecodeCompiler.kt:387)
	at org.jetbrains.kotlin.cli.pipeline.jvm.JvmBackendPipelinePhase.executePhase(JvmBackendPipelinePhase.kt:91)
	at org.jetbrains.kotlin.cli.pipeline.jvm.JvmBackendPipelinePhase.executePhase(JvmBackendPipelinePhase.kt:28)
	at org.jetbrains.kotlin.cli.pipeline.PipelinePhase.phaseBody(PipelinePhase.kt:63)
	at org.jetbrains.kotlin.cli.pipeline.PipelinePhase.phaseBody(PipelinePhase.kt:53)
	at org.jetbrains.kotlin.config.phaser.NamedCompilerPhase.invoke(CompilerPhase.kt:102)
	at org.jetbrains.kotlin.backend.common.phaser.CompositePhase.invoke(PhaseBuilders.kt:22)
	at org.jetbrains.kotlin.config.phaser.CompilerPhaseKt.invokeToplevel(CompilerPhase.kt:53)
	at org.jetbrains.kotlin.cli.pipeline.AbstractCliPipeline.runPhasedPipeline(AbstractCliPipeline.kt:135)
	at org.jetbrains.kotlin.cli.pipeline.AbstractCliPipeline.executeAndReturnPipeLineArtifact(AbstractCliPipeline.kt:89)
	at org.jetbrains.kotlin.cli.pipeline.AbstractCliPipeline.executeAndReturnPipeLineArtifact$default(AbstractCliPipeline.kt:49)
	at org.jetbrains.kotlin.cli.pipeline.AbstractCliPipeline.execute(AbstractCliPipeline.kt:40)
	at org.jetbrains.kotlin.cli.jvm.K2JVMCompiler.doExecutePhased(K2JVMCompiler.kt:54)
	at org.jetbrains.kotlin.cli.jvm.K2JVMCompiler.doExecutePhased(K2JVMCompiler.kt:45)
	at org.jetbrains.kotlin.cli.common.CLICompiler.execImpl(CLICompiler.kt:94)
	at org.jetbrains.kotlin.cli.common.CLICompiler.exec(CLICompiler.kt:366)
	at org.jetbrains.kotlin.incremental.IncrementalJvmCompilerRunnerBase.runCompiler(IncrementalJvmCompilerRunnerBase.kt:211)
	at org.jetbrains.kotlin.incremental.IncrementalJvmCompilerRunnerBase.runCompiler(IncrementalJvmCompilerRunnerBase.kt:53)
	at org.jetbrains.kotlin.incremental.IncrementalCompilerRunner.doCompile(IncrementalCompilerRunner.kt:539)
	at org.jetbrains.kotlin.incremental.IncrementalCompilerRunner.compileImpl(IncrementalCompilerRunner.kt:451)
	at org.jetbrains.kotlin.incremental.IncrementalCompilerRunner.tryCompileIncrementally$lambda$0$compile(IncrementalCompilerRunner.kt:271)
	at org.jetbrains.kotlin.incremental.IncrementalCompilerRunner.tryCompileIncrementally(IncrementalCompilerRunner.kt:289)
	at org.jetbrains.kotlin.incremental.IncrementalCompilerRunner.compile(IncrementalCompilerRunner.kt:130)
	at org.jetbrains.kotlin.buildtools.internal.jvm.operations.JvmCompilationOperationImpl.compileIncrementallyInProcess(JvmCompilationOperationImpl.kt:289)
	at org.jetbrains.kotlin.buildtools.internal.jvm.operations.JvmCompilationOperationImpl.compileIncrementallyInProcess(JvmCompilationOperationImpl.kt:55)
	at org.jetbrains.kotlin.buildtools.internal.BaseCompilationOperationImpl.compileInProcess(BaseCompilationOperationImpl.kt:261)
	at org.jetbrains.kotlin.buildtools.internal.jvm.operations.JvmCompilationOperationImpl.compileInProcess(JvmCompilationOperationImpl.kt:222)
	at org.jetbrains.kotlin.buildtools.internal.BaseCompilationOperationImpl.executeCancellableImpl(BaseCompilationOperationImpl.kt:88)
	at org.jetbrains.kotlin.buildtools.internal.BaseCompilationOperationImpl.executeCancellableImpl(BaseCompilationOperationImpl.kt:55)
	at org.jetbrains.kotlin.buildtools.internal.CancellableBuildOperationImpl.executeImpl(CancellableBuildOperationImpl.kt:58)
	at org.jetbrains.kotlin.buildtools.internal.BuildOperationImpl.execute(BuildOperationImpl.kt:33)
	at org.jetbrains.kotlin.buildtools.internal.KotlinToolchainsImpl$BuildSessionImpl.executeOperation$lambda$1(KotlinToolchainsImpl.kt:74)
	at java.base/java.util.concurrent.FutureTask.run(FutureTask.java:317)
	at java.base/java.util.concurrent.ThreadPoolExecutor.runWorker(ThreadPoolExecutor.java:1144)
	at java.base/java.util.concurrent.ThreadPoolExecutor$Worker.run(ThreadPoolExecutor.java:642)
	at java.base/java.lang.Thread.run(Thread.java:1583)
Caused by: org.jetbrains.kotlin.codegen.CompilationException: Back-end (JVM) Internal error: Couldn't inline method call: CALL 'public final fun withAttemptLock <T> (block: kotlin.Function0<T of at.bernhardberger.tvheadend.htsp.connection.HtspAttemptMonitor.withAttemptLock>): T of at.bernhardberger.tvheadend.htsp.connection.HtspAttemptMonitor.withAttemptLock [inline] declared in at.bernhardberger.tvheadend.htsp.connection.HtspAttemptMonitor' type=at.bernhardberger.tvheadend.htsp.connection.HtspConnectionState origin=null
Method: null
File is unknown
The root cause java.io.FileNotFoundException was thrown at: java.base/java.io.FileInputStream.open0(Native Method)
	at org.jetbrains.kotlin.backend.jvm.codegen.IrInlineCodegen.genInlineCall(IrInlineCodegen.kt:85)
	at org.jetbrains.kotlin.backend.jvm.codegen.IrInlineCallGenerator.genCall(IrInlineCallGenerator.kt:36)
	at org.jetbrains.kotlin.backend.jvm.codegen.ExpressionCodegen.visitCall(ExpressionCodegen.kt:579)
	at org.jetbrains.kotlin.backend.jvm.codegen.ExpressionCodegen.visitCall(ExpressionCodegen.kt:141)
	at org.jetbrains.kotlin.ir.expressions.IrCall.accept(IrCall.kt:24)
	at org.jetbrains.kotlin.backend.jvm.codegen.ExpressionCodegen.visitReturn(ExpressionCodegen.kt:1000)
	at org.jetbrains.kotlin.backend.jvm.codegen.ExpressionCodegen.visitReturn(ExpressionCodegen.kt:141)
	at org.jetbrains.kotlin.ir.expressions.IrReturn.accept(IrReturn.kt:24)
	at org.jetbrains.kotlin.backend.jvm.codegen.ExpressionCodegen.visitStatementContainer(ExpressionCodegen.kt:492)
	at org.jetbrains.kotlin.backend.jvm.codegen.ExpressionCodegen.visitBlockBody(ExpressionCodegen.kt:497)
	at org.jetbrains.kotlin.backend.jvm.codegen.ExpressionCodegen.visitBlockBody(ExpressionCodegen.kt:141)
	at org.jetbrains.kotlin.ir.expressions.IrBlockBody.accept(IrBlockBody.kt:20)
	at org.jetbrains.kotlin.backend.jvm.codegen.ExpressionCodegen.generate(ExpressionCodegen.kt:234)
	at org.jetbrains.kotlin.backend.jvm.codegen.FunctionCodegen.doGenerate(FunctionCodegen.kt:134)
	at org.jetbrains.kotlin.backend.jvm.codegen.FunctionCodegen.generate(FunctionCodegen.kt:58)
	... 42 more
Caused by: java.io.FileNotFoundException: /root/projects/tvheadend-htsp/build/classes/kotlin/main/at/bernhardberger/tvheadend/htsp/connection/HtspAttemptMonitor.class (No such file or directory)
	at java.base/java.io.FileInputStream.open0(Native Method)
	at java.base/java.io.FileInputStream.open(FileInputStream.java:213)
	at java.base/java.io.FileInputStream.<init>(FileInputStream.java:152)
	at org.jetbrains.kotlin.com.intellij.openapi.util.io.FileUtil.loadFileBytes(FileUtil.java:188)
	at org.jetbrains.kotlin.cli.common.localfs.KotlinLocalVirtualFile.contentsToByteArray(KotlinLocalVirtualFile.kt:108)
	at org.jetbrains.kotlin.codegen.inline.SourceCompilerForInlineKt.loadCompiledInlineFunction$lambda$0$0(SourceCompilerForInline.kt:95)
	at org.jetbrains.kotlin.codegen.inline.InlineCache.computeClassBytes(InlineCache.kt:82)
	at org.jetbrains.kotlin.codegen.inline.SourceCompilerForInlineKt.loadCompiledInlineFunction$lambda$0(SourceCompilerForInline.kt:94)
	at org.jetbrains.kotlin.codegen.inline.InlineCache.computeMethodBytes(InlineCache.kt:90)
	at org.jetbrains.kotlin.codegen.inline.SourceCompilerForInlineKt.loadCompiledInlineFunction(SourceCompilerForInline.kt:93)
	at org.jetbrains.kotlin.backend.jvm.codegen.IrSourceCompilerForInline.compileInlineFunction(IrSourceCompilerForInline.kt:96)
	at org.jetbrains.kotlin.backend.jvm.codegen.IrInlineCodegen.genInlineCall(IrInlineCodegen.kt:68)
	... 56 more


